
> fix:strict-live
> node tools/remediate-strict-live-audit.mjs

{
  "changed": [],
  "total": 0
}

> audit
> node tools/audit-static-integrity.mjs && node tools/audit-regression.mjs && node tools/audit-seo-network.mjs && node tools/audit-redirect-config.mjs && node tools/audit-cross-site-consistency.mjs && node tools/audit-strict-live-remediation.mjs && node tests/quote-pdf-content.test.mjs

Static source integrity audit passed for 74 files.
Production audit regression checks passed.
Static SEO audit collected 160 unique external URLs; set LIVE_AUDIT=1 to check them.
Validated 54 sitemap pages and 66 HTML files.
Vercel language-domain redirect configurations are valid.
Audited 91 COM files for cross-site consistency.
Strict COM audit checked 103 content files.
Quote PDF content audit passed.

> audit:copy
> node tools/audit-human-voice.mjs

Human-voice audit: 54 content pages checked.
{
  "generatedAt": "2026-07-26T09:22:44.580Z",
  "highestRisk": [
    {
      "file": "/hu/akadalymentesseg/index.html",
      "words": 338,
      "score": 5.92,
      "cliches": {
        "egyedi": 1,
        "minden": 1
      },
      "sentenceAverage": 24.1,
      "sentenceSpread": 23.7,
      "repeatedStarts": []
    },
    {
      "file": "/hu/index.html",
      "words": 770,
      "score": 4.6,
      "cliches": {
        "több-mint": 1,
        "minden": 1
      },
      "sentenceAverage": 17.5,
      "sentenceSpread": 17.2,
      "repeatedStarts": [
        [
          "a megközelítés ›",
          4
        ]
      ]
    },
    {
      "file": "/index.html",
      "words": 856,
      "score": 4.34,
      "cliches": {
        "more-than": 1,
        "every": 1
      },
      "sentenceAverage": 19.9,
      "sentenceSpread": 17.9,
      "repeatedStarts": [
        [
          "read the approach",
          4
        ]
      ]
    },
    {
      "file": "/hu/ajanlatkeres/index.html",
      "words": 1359,
      "score": 3.68,
      "cliches": {
        "egyedi": 4,
        "minden": 1
      },
      "sentenceAverage": 23.4,
      "sentenceSpread": 49.7,
      "repeatedStarts": []
    },
    {
      "file": "/hu/aszf/index.html",
      "words": 720,
      "score": 2.78,
      "cliches": {
        "egyedi": 2
      },
      "sentenceAverage": 15.3,
      "sentenceSpread": 14.6,
      "repeatedStarts": []
    },
    {
      "file": "/contact/index.html",
      "words": 740,
      "score": 2.7,
      "cliches": {
        "more-than": 1,
        "every": 1
      },
      "sentenceAverage": 18,
      "sentenceSpread": 16.8,
      "repeatedStarts": []
    },
    {
      "file": "/de-at/index.html",
      "words": 784,
      "score": 2,
      "cliches": {},
      "sentenceAverage": 17.4,
      "sentenceSpread": 16.8,
      "repeatedStarts": [
        [
          "zur arbeitsweise ›",
          4
        ]
      ]
    },
    {
      "file": "/archive/index.html",
      "words": 357,
      "score": 2,
      "cliches": {},
      "sentenceAverage": 27.5,
      "sentenceSpread": 24.8,
      "repeatedStarts": [
        [
          "open ↗ banhalmi.art",
          4
        ]
      ]
    },
    {
      "file": "/hu/archivum/index.html",
      "words": 329,
      "score": 2,
      "cliches": {},
      "sentenceAverage": 25.3,
      "sentenceSpread": 23.9,
      "repeatedStarts": [
        [
          "megnyitás ↗ banhalmi.art",
          4
        ]
      ]
    },
    {
      "file": "/de-at/archiv/index.html",
      "words": 327,
      "score": 2,
      "cliches": {},
      "sentenceAverage": 25.2,
      "sentenceSpread": 23,
      "repeatedStarts": [
        [
          "öffnen ↗ banhalmi.art",
          4
        ]
      ]
    },
    {
      "file": "/hu/eletmu/index.html",
      "words": 2561,
      "score": 1.56,
      "cliches": {
        "több-mint": 1,
        "minden": 3
      },
      "sentenceAverage": 34.5,
      "sentenceSpread": 56,
      "repeatedStarts": []
    },
    {
      "file": "/hu/esettanulmanyok/magyar-peter-portre-2026/index.html",
      "words": 645,
      "score": 1.55,
      "cliches": {
        "minden": 1
      },
      "sentenceAverage": 21.5,
      "sentenceSpread": 25.4,
      "repeatedStarts": []
    },
    {
      "file": "/hu/kapcsolat/index.html",
      "words": 657,
      "score": 1.52,
      "cliches": {
        "minden": 1
      },
      "sentenceAverage": 15.6,
      "sentenceSpread": 16.2,
      "repeatedStarts": []
    },
    {
      "file": "/portrait/index.html",
      "words": 2137,
      "score": 1.47,
      "cliches": {
        "timeless": 1
      },
      "sentenceAverage": 23.2,
      "sentenceSpread": 12.4,
      "repeatedStarts": [
        [
          "environmental portrait of",
          3
        ]
      ]
    },
    {
      "file": "/about/index.html",
      "words": 2830,
      "score": 1.41,
      "cliches": {
        "more-than": 3,
        "every": 1
      },
      "sentenceAverage": 37.7,
      "sentenceSpread": 61,
      "repeatedStarts": []
    },
    {
      "file": "/faq/index.html",
      "words": 742,
      "score": 1.35,
      "cliches": {
        "more-than": 1
      },
      "sentenceAverage": 13.6,
      "sentenceSpread": 14.2,
      "repeatedStarts": []
    },
    {
      "file": "/de-at/speier-viko/index.html",
      "words": 833,
      "score": 1.2,
      "cliches": {
        "nicht-nur": 1
      },
      "sentenceAverage": 20.8,
      "sentenceSpread": 18.1,
      "repeatedStarts": []
    },
    {
      "file": "/glamour/index.html",
      "words": 1696,
      "score": 1.18,
      "cliches": {
        "every": 1,
        "elevate": 1
      },
      "sentenceAverage": 33.3,
      "sentenceSpread": 43.2,
      "repeatedStarts": []
    },
    {
      "file": "/lifestyle/index.html",
      "words": 1712,
      "score": 1.17,
      "cliches": {
        "journey": 1,
        "authentic": 1
      },
      "sentenceAverage": 27.6,
      "sentenceSpread": 18.9,
      "repeatedStarts": []
    },
    {
      "file": "/hu/speier-viko/index.html",
      "words": 860,
      "score": 1.16,
      "cliches": {
        "minden": 1
      },
      "sentenceAverage": 22.1,
      "sentenceSpread": 19.5,
      "repeatedStarts": []
    },
    {
      "file": "/de-at/werk/index.html",
      "words": 2617,
      "score": 1.15,
      "cliches": {
        "Mehr-als": 2,
        "nicht-nur": 1
      },
      "sentenceAverage": 34.4,
      "sentenceSpread": 63.9,
      "repeatedStarts": []
    },
    {
      "file": "/speier-viko/index.html",
      "words": 915,
      "score": 1.09,
      "cliches": {
        "every": 1
      },
      "sentenceAverage": 22.9,
      "sentenceSpread": 19.3,
      "repeatedStarts": []
    },
    {
      "file": "/hu/portre/index.html",
      "words": 2051,
      "score": 1,
      "cliches": {},
      "sentenceAverage": 22.2,
      "sentenceSpread": 12.2,
      "repeatedStarts": [
        [
          "környezeti portré egy",
          3
        ]
      ]
    },
    {
      "file": "/hu/adatvedelem/index.html",
      "words": 990,
      "score": 1,
      "cliches": {},
      "sentenceAverage": 17.1,
      "sentenceSpread": 14,
      "repeatedStarts": [
        [
          "a google analytics",
          3
        ]
      ]
    },
    {
      "file": "/de-at/brand/index.html",
      "words": 1554,
      "score": 0.64,
      "cliches": {
        "authentisch": 1
      },
      "sentenceAverage": 25.1,
      "sentenceSpread": 17.6,
      "repeatedStarts": []
    },
    {
      "file": "/de-at/fine-art/index.html",
      "words": 1600,
      "score": 0.63,
      "cliches": {
        "nicht-nur": 1
      },
      "sentenceAverage": 31.4,
      "sentenceSpread": 40.8,
      "repeatedStarts": []
    },
    {
      "file": "/de-at/portrait/index.html",
      "words": 1918,
      "score": 0,
      "cliches": {},
      "sentenceAverage": 20.5,
      "sentenceSpread": 11.4,
      "repeatedStarts": []
    },
    {
      "file": "/hu/muveszi-fotografia/index.html",
      "words": 1714,
      "score": 0,
      "cliches": {},
      "sentenceAverage": 33.6,
      "sentenceSpread": 44.1,
      "repeatedStarts": []
    },
    {
      "file": "/hu/brand/index.html",
      "words": 1624,
      "score": 0,
      "cliches": {},
      "sentenceAverage": 25.8,
      "sentenceSpread": 19.2,
      "repeatedStarts": []
    },
    {
      "file": "/requestaquote/index.html",
      "words": 1456,
      "score": 0,
      "cliches": {},
      "sentenceAverage": 26,
      "sentenceSpread": 52.2,
      "repeatedStarts": []
    },
    {
      "file": "/de-at/anfrage/index.html",
      "words": 1338,
      "score": 0,
      "cliches": {},
      "sentenceAverage": 23.4,
      "sentenceSpread": 47.9,
      "repeatedStarts": []
    },
    {
      "file": "/privacy-policy/index.html",
      "words": 1083,
      "score": 0,
      "cliches": {},
      "sentenceAverage": 18.7,
      "sentenceSpread": 14.3,
      "repeatedStarts": []
    },
    {
      "file": "/de-at/datenschutz/index.html",
      "words": 973,
      "score": 0,
      "cliches": {},
      "sentenceAverage": 16.8,
      "sentenceSpread": 12.9,
      "repeatedStarts": []
    },
    {
      "file": "/event-photography/index.html",
      "words": 918,
      "score": 0,
      "cliches": {},
      "sentenceAverage": 23.5,
      "sentenceSpread": 18.2,
      "repeatedStarts": []
    },
    {
      "file": "/hu/rendezvenyfotozas/index.html",
      "words": 883,
      "score": 0,
      "cliches": {},
      "sentenceAverage": 22.6,
      "sentenceSpread": 17.6,
      "repeatedStarts": []
    },
    {
      "file": "/de-at/eventfotografie/index.html",
      "words": 830,
      "score": 0,
      "cliches": {},
      "sentenceAverage": 23,
      "sentenceSpread": 16.6,
      "repeatedStarts": []
    },
    {
      "file": "/terms-conditions/index.html",
      "words": 809,
      "score": 0,
      "cliches": {},
      "sentenceAverage": 16.5,
      "sentenceSpread": 14.7,
      "repeatedStarts": []
    },
    {
      "file": "/de-at/agb/index.html",
      "words": 703,
      "score": 0,
      "cliches": {},
      "sentenceAverage": 14.6,
      "sentenceSpread": 13.9,
      "repeatedStarts": []
    },
    {
      "file": "/de-at/faq/index.html",
      "words": 689,
      "score": 0,
      "cliches": {},
      "sentenceAverage": 12.6,
      "sentenceSpread": 12.9,
      "repeatedStarts": []
    },
    {
      "file": "/case-studies/peter-magyar-portrait-2026/index.html",
      "words": 680,
      "score": 0,
      "cliches": {},
      "sentenceAverage": 23.4,
      "sentenceSpread": 26.8,
      "repeatedStarts": []
    }
  ],
  "pages": [
    {
      "file": "/hu/akadalymentesseg/index.html",
      "words": 338,
      "score": 5.92,
      "cliches": {
        "egyedi": 1,
        "minden": 1
      },
      "sentenceAverage": 24.1,
      "sentenceSpread": 23.7,
      "repeatedStarts": []
    },
    {
      "file": "/hu/index.html",
      "words": 770,
      "score": 4.6,
      "cliches": {
        "több-mint": 1,
        "minden": 1
      },
      "sentenceAverage": 17.5,
      "sentenceSpread": 17.2,
      "repeatedStarts": [
        [
          "a megközelítés ›",
          4
        ]
      ]
    },
    {
      "file": "/index.html",
      "words": 856,
      "score": 4.34,
      "cliches": {
        "more-than": 1,
        "every": 1
      },
      "sentenceAverage": 19.9,
      "sentenceSpread": 17.9,
      "repeatedStarts": [
        [
          "read the approach",
          4
        ]
      ]
    },
    {
      "file": "/hu/ajanlatkeres/index.html",
      "words": 1359,
      "score": 3.68,
      "cliches": {
        "egyedi": 4,
        "minden": 1
      },
      "sentenceAverage": 23.4,
      "sentenceSpread": 49.7,
      "repeatedStarts": []
    },
    {
      "file": "/hu/aszf/index.html",
      "words": 720,
      "score": 2.78,
      "cliches": {
        "egyedi": 2
      },
      "sentenceAverage": 15.3,
      "sentenceSpread": 14.6,
      "repeatedStarts": []
    },
    {
      "file": "/contact/index.html",
      "words": 740,
      "score": 2.7,
      "cliches": {
        "more-than": 1,
        "every": 1
      },
      "sentenceAverage": 18,
      "sentenceSpread": 16.8,
      "repeatedStarts": []
    },
    {
      "file": "/de-at/index.html",
      "words": 784,
      "score": 2,
      "cliches": {},
      "sentenceAverage": 17.4,
      "sentenceSpread": 16.8,
      "repeatedStarts": [
        [
          "zur arbeitsweise ›",
          4
        ]
      ]
    },
    {
      "file": "/archive/index.html",
      "words": 357,
      "score": 2,
      "cliches": {},
      "sentenceAverage": 27.5,
      "sentenceSpread": 24.8,
      "repeatedStarts": [
        [
          "open ↗ banhalmi.art",
          4
        ]
      ]
    },
    {
      "file": "/hu/archivum/index.html",
      "words": 329,
      "score": 2,
      "cliches": {},
      "sentenceAverage": 25.3,
      "sentenceSpread": 23.9,
      "repeatedStarts": [
        [
          "megnyitás ↗ banhalmi.art",
          4
        ]
      ]
    },
    {
      "file": "/de-at/archiv/index.html",
      "words": 327,
      "score": 2,
      "cliches": {},
      "sentenceAverage": 25.2,
      "sentenceSpread": 23,
      "repeatedStarts": [
        [
          "öffnen ↗ banhalmi.art",
          4
        ]
      ]
    },
    {
      "file": "/hu/eletmu/index.html",
      "words": 2561,
      "score": 1.56,
      "cliches": {
        "több-mint": 1,
        "minden": 3
      },
      "sentenceAverage": 34.5,
      "sentenceSpread": 56,
      "repeatedStarts": []
    },
    {
      "file": "/hu/esettanulmanyok/magyar-peter-portre-2026/index.html",
      "words": 645,
      "score": 1.55,
      "cliches": {
        "minden": 1
      },
      "sentenceAverage": 21.5,
      "sentenceSpread": 25.4,
      "repeatedStarts": []
    },
    {
      "file": "/hu/kapcsolat/index.html",
      "words": 657,
      "score": 1.52,
      "cliches": {
        "minden": 1
      },
      "sentenceAverage": 15.6,
      "sentenceSpread": 16.2,
      "repeatedStarts": []
    },
    {
      "file": "/portrait/index.html",
      "words": 2137,
      "score": 1.47,
      "cliches": {
        "timeless": 1
      },
      "sentenceAverage": 23.2,
      "sentenceSpread": 12.4,
      "repeatedStarts": [
        [
          "environmental portrait of",
          3
        ]
      ]
    },
    {
      "file": "/about/index.html",
      "words": 2830,
      "score": 1.41,
      "cliches": {
        "more-than": 3,
        "every": 1
      },
      "sentenceAverage": 37.7,
      "sentenceSpread": 61,
      "repeatedStarts": []
    },
    {
      "file": "/faq/index.html",
      "words": 742,
      "score": 1.35,
      "cliches": {
        "more-than": 1
      },
      "sentenceAverage": 13.6,
      "sentenceSpread": 14.2,
      "repeatedStarts": []
    },
    {
      "file": "/de-at/speier-viko/index.html",
      "words": 833,
      "score": 1.2,
      "cliches": {
        "nicht-nur": 1
      },
      "sentenceAverage": 20.8,
      "sentenceSpread": 18.1,
      "repeatedStarts": []
    },
    {
      "file": "/glamour/index.html",
      "words": 1696,
      "score": 1.18,
      "cliches": {
        "every": 1,
        "elevate": 1
      },
      "sentenceAverage": 33.3,
      "sentenceSpread": 43.2,
      "repeatedStarts": []
    },
    {
      "file": "/lifestyle/index.html",
      "words": 1712,
      "score": 1.17,
      "cliches": {
        "journey": 1,
        "authentic": 1
      },
      "sentenceAverage": 27.6,
      "sentenceSpread": 18.9,
      "repeatedStarts": []
    },
    {
      "file": "/hu/speier-viko/index.html",
      "words": 860,
      "score": 1.16,
      "cliches": {
        "minden": 1
      },
      "sentenceAverage": 22.1,
      "sentenceSpread": 19.5,
      "repeatedStarts": []
    },
    {
      "file": "/de-at/werk/index.html",
      "words": 2617,
      "score": 1.15,
      "cliches": {
        "Mehr-als": 2,
        "nicht-nur": 1
      },
      "sentenceAverage": 34.4,
      "sentenceSpread": 63.9,
      "repeatedStarts": []
    },
    {
      "file": "/speier-viko/index.html",
      "words": 915,
      "score": 1.09,
      "cliches": {
        "every": 1
      },
      "sentenceAverage": 22.9,
      "sentenceSpread": 19.3,
      "repeatedStarts": []
    },
    {
      "file": "/hu/portre/index.html",
      "words": 2051,
      "score": 1,
      "cliches": {},
      "sentenceAverage": 22.2,
      "sentenceSpread": 12.2,
      "repeatedStarts": [
        [
          "környezeti portré egy",
          3
        ]
      ]
    },
    {
      "file": "/hu/adatvedelem/index.html",
      "words": 990,
      "score": 1,
      "cliches": {},
      "sentenceAverage": 17.1,
      "sentenceSpread": 14,
      "repeatedStarts": [
        [
          "a google analytics",
          3
        ]
      ]
    },
    {
      "file": "/de-at/brand/index.html",
      "words": 1554,
      "score": 0.64,
      "cliches": {
        "authentisch": 1
      },
      "sentenceAverage": 25.1,
      "sentenceSpread": 17.6,
      "repeatedStarts": []
    },
    {
      "file": "/de-at/fine-art/index.html",
      "words": 1600,
      "score": 0.63,
      "cliches": {
        "nicht-nur": 1
      },
      "sentenceAverage": 31.4,
      "sentenceSpread": 40.8,
      "repeatedStarts": []
    },
    {
      "file": "/de-at/portrait/index.html",
      "words": 1918,
      "score": 0,
      "cliches": {},
      "sentenceAverage": 20.5,
      "sentenceSpread": 11.4,
      "repeatedStarts": []
    },
    {
      "file": "/hu/muveszi-fotografia/index.html",
      "words": 1714,
      "score": 0,
      "cliches": {},
      "sentenceAverage": 33.6,
      "sentenceSpread": 44.1,
      "repeatedStarts": []
    },
    {
      "file": "/hu/brand/index.html",
      "words": 1624,
      "score": 0,
      "cliches": {},
      "sentenceAverage": 25.8,
      "sentenceSpread": 19.2,
      "repeatedStarts": []
    },
    {
      "file": "/requestaquote/index.html",
      "words": 1456,
      "score": 0,
      "cliches": {},
      "sentenceAverage": 26,
      "sentenceSpread": 52.2,
      "repeatedStarts": []
    },
    {
      "file": "/de-at/anfrage/index.html",
      "words": 1338,
      "score": 0,
      "cliches": {},
      "sentenceAverage": 23.4,
      "sentenceSpread": 47.9,
      "repeatedStarts": []
    },
    {
      "file": "/privacy-policy/index.html",
      "words": 1083,
      "score": 0,
      "cliches": {},
      "sentenceAverage": 18.7,
      "sentenceSpread": 14.3,
      "repeatedStarts": []
    },
    {
      "file": "/de-at/datenschutz/index.html",
      "words": 973,
      "score": 0,
      "cliches": {},
      "sentenceAverage": 16.8,
      "sentenceSpread": 12.9,
      "repeatedStarts": []
    },
    {
      "file": "/event-photography/index.html",
      "words": 918,
      "score": 0,
      "cliches": {},
      "sentenceAverage": 23.5,
      "sentenceSpread": 18.2,
      "repeatedStarts": []
    },
    {
      "file": "/hu/rendezvenyfotozas/index.html",
      "words": 883,
      "score": 0,
      "cliches": {},
      "sentenceAverage": 22.6,
      "sentenceSpread": 17.6,
      "repeatedStarts": []
    },
    {
      "file": "/de-at/eventfotografie/index.html",
      "words": 830,
      "score": 0,
      "cliches": {},
      "sentenceAverage": 23,
      "sentenceSpread": 16.6,
      "repeatedStarts": []
    },
    {
      "file": "/terms-conditions/index.html",
      "words": 809,
      "score": 0,
      "cliches": {},
      "sentenceAverage": 16.5,
      "sentenceSpread": 14.7,
      "repeatedStarts": []
    },
    {
      "file": "/de-at/agb/index.html",
      "words": 703,
      "score": 0,
      "cliches": {},
      "sentenceAverage": 14.6,
      "sentenceSpread": 13.9,
      "repeatedStarts": []
    },
    {
      "file": "/de-at/faq/index.html",
      "words": 689,
      "score": 0,
      "cliches": {},
      "sentenceAverage": 12.6,
      "sentenceSpread": 12.9,
      "repeatedStarts": []
    },
    {
      "file": "/case-studies/peter-magyar-portrait-2026/index.html",
      "words": 680,
      "score": 0,
      "cliches": {},
      "sentenceAverage": 23.4,
      "sentenceSpread": 26.8,
      "repeatedStarts": []
    },
    {
      "file": "/de-at/kontakt/index.html",
      "words": 678,
      "score": 0,
      "cliches": {},
      "sentenceAverage": 15.8,
      "sentenceSpread": 15.5,
      "repeatedStarts": []
    },
    {
      "file": "/hu/gyik/index.html",
      "words": 659,
      "score": 0,
      "cliches": {},
      "sentenceAverage": 12,
      "sentenceSpread": 13.8,
      "repeatedStarts": []
    },
    {
      "file": "/de-at/fallstudien/peter-magyar-portraet-2026/index.html",
      "words": 652,
      "score": 0,
      "cliches": {},
      "sentenceAverage": 21,
      "sentenceSpread": 24.4,
      "repeatedStarts": []
    },
    {
      "file": "/impressum/index.html",
      "words": 583,
      "score": 0,
      "cliches": {},
      "sentenceAverage": 22.4,
      "sentenceSpread": 22.9,
      "repeatedStarts": []
    },
    {
      "file": "/hu/impresszum/index.html",
      "words": 551,
      "score": 0,
      "cliches": {},
      "sentenceAverage": 21.2,
      "sentenceSpread": 22.5,
      "repeatedStarts": []
    },
    {
      "file": "/de-at/impressum/index.html",
      "words": 523,
      "score": 0,
      "cliches": {},
      "sentenceAverage": 19.4,
      "sentenceSpread": 20.6,
      "repeatedStarts": []
    },
    {
      "file": "/cookie-policy/index.html",
      "words": 404,
      "score": 0,
      "cliches": {},
      "sentenceAverage": 20.2,
      "sentenceSpread": 21.3,
      "repeatedStarts": []
    },
    {
      "file": "/hu/sutik/index.html",
      "words": 398,
      "score": 0,
      "cliches": {},
      "sentenceAverage": 19.9,
      "sentenceSpread": 20.6,
      "repeatedStarts": []
    },
    {
      "file": "/de-at/cookies/index.html",
      "words": 387,
      "score": 0,
      "cliches": {},
      "sentenceAverage": 20.4,
      "sentenceSpread": 20.4,
      "repeatedStarts": []
    },
    {
      "file": "/accessibility/index.html",
      "words": 362,
      "score": 0,
      "cliches": {},
      "sentenceAverage": 25.9,
      "sentenceSpread": 24.2,
      "repeatedStarts": []
    },
    {
      "file": "/de-at/barrierefreiheit/index.html",
      "words": 329,
      "score": 0,
      "cliches": {},
      "sentenceAverage": 23.5,
      "sentenceSpread": 23,
      "repeatedStarts": []
    },
    {
      "file": "/partners/index.html",
      "words": 322,
      "score": 0,
      "cliches": {},
      "sentenceAverage": 32.2,
      "sentenceSpread": 31,
      "repeatedStarts": []
    },
    {
      "file": "/hu/partnerek/index.html",
      "words": 313,
      "score": 0,
      "cliches": {},
      "sentenceAverage": 31.3,
      "sentenceSpread": 30,
      "repeatedStarts": []
    },
    {
      "file": "/de-at/partner/index.html",
      "words": 300,
      "score": 0,
      "cliches": {},
      "sentenceAverage": 30,
      "sentenceSpread": 28.6,
      "repeatedStarts": []
    }
  ]
}

> audit:production
> node tools/audit-production-routing.mjs

https://www.norbertbanhalmi.com/ -> 200
https://www.norbertbanhalmi.com/hu/ -> 200
https://www.norbertbanhalmi.com/de-at/ -> 200
https://www.banhalmi.art/ -> 200
https://banhalmi.at/ -> 308 https://www.banhalmi.at/?audit=1785057765441
https://www.banhalmi.at/ -> 404 
https://banhalminorbert.hu/ -> 308 https://www.banhalminorbert.hu/?audit=1785057765969
https://www.banhalminorbert.hu/ -> 404 
FAIL https://www.norbertbanhalmi.com/: live body missing required phrase: We build visual trust before the meeting begins.
FAIL https://www.norbertbanhalmi.com/hu/: live body missing required phrase: Vizuális bizalmat építünk már az első találkozás előtt.
FAIL https://www.norbertbanhalmi.com/de-at/: live body missing required phrase: Wir schaffen visuelles Vertrauen vor der ersten Begegnung.
FAIL https://banhalmi.at/: expected target beginning https://www.norbertbanhalmi.com/de-at/, received https://www.banhalmi.at/?audit=1785057765441
FAIL https://www.banhalmi.at/: expected HTTP redirect, received 404
FAIL https://www.banhalmi.at/: expected target beginning https://www.norbertbanhalmi.com/de-at/, received (none)
FAIL https://banhalminorbert.hu/: expected target beginning https://www.norbertbanhalmi.com/hu/, received https://www.banhalminorbert.hu/?audit=1785057765969
FAIL https://www.banhalminorbert.hu/: expected HTTP redirect, received 404
FAIL https://www.banhalminorbert.hu/: expected target beginning https://www.norbertbanhalmi.com/hu/, received (none)
